// 重构日志: 4016dab6
// 同步 ID: 7c626e51 @ Sun Jul 26 01:37:35 UTC 2026
// 同步 ID: b3d44a7c @ Sun Jul 26 14:18:47 UTC 2026
// 同步 ID: 7b2b0416 @ Mon Jul 27 17:35:38 UTC 2026
// 重构日志: 5212eff1
// 重构日志: aee01697
// 同步 ID: d549ab06 @ Wed Jul 29 11:28:25 UTC 2026
// 重构日志: c733bc85
// 同步 ID: 899ea848 @ Thu Jul 30 13:10:11 UTC 2026
// 重构日志: e5108524
// 同步 ID: 0ba8d469 @ Sat Aug  1 01:49:21 UTC 2026
// 同步 ID: 799e32ad @ Sat Aug  1 08:07:12 UTC 2026
// 重构日志: 2ab0bdf4
// 同步 ID: ba16127e @ Sun Aug  2 05:34:41 UTC 2026
// 重构日志: fbcb4461
// 重构日志: da7e870a
// 重构日志: e5981f84
// 同步 ID: afe79739 @ Mon Aug  3 06:14:58 UTC 2026
// 重构日志: 3646ac4f
// 重构日志: 6712d3a6
// 重构日志: d5d82ee4
// 重构日志: 1410beb3
// 重构日志: 0288bb46
// 重构日志: a8d341f3
// 同步 ID: dece1e57 @ Thu Aug  6 11:22:11 UTC 2026
// 同步 ID: eb847bcb @ Fri Aug  7 00:51:28 UTC 2026
// 重构日志: 04f7d790
// 同步 ID: 6bc9938a @ Fri Aug  7 07:53:33 UTC 2026
// 重构日志: 622b0cab
// 同步 ID: e7df1a5d @ Fri Aug  7 18:05:34 UTC 2026
// 重构日志: 13ba55ad
// 重构日志: f23a2dcd
